arrowstyle.dat		arrowsty.dat
candlesticks.dat	candlest.dat
dodecahedron.bin	dodecahe.bin
dodecahedron.dat	dodecahe.dat
histerror.dat		histerr.dat
empty-circles.dat	emcirc.dat
energy_circles.dat	encirc.dat
gnu-valley			valley.dat
GM1_bonds.r3d		GM1bonds.r3d
GM1_sugar.pdb		GM1sugar.pdb
icon64x64.png		icon6464.png
icosahedron.dat		icosahed.dat
immigration.dat		immigrtn.dat
mask_pm3d.dat		mskpm3d.dat
orbital_elements.dat	orbital.dat
random-points		randpts.dat
rgb_variable.dat	rgbvar.dat
WorldEnergy.dat		worldene.dat

animation.dem		anim.dem
approximate.dem		approx.dem
argb_hexdata.dem	argbhex.dem
armillary.dem		armllry.dem
array_index.dem		arridx.dem
arrowstyle.dem		arrowsty.dem
linked_autoscale.dem	linkauto.dem
autoscale.dem		autoscle.dem
barchart_art.dem	barchart.dem
binary_polygon.dem	binpoly.dem
bolditalic.dem		bldit.dem
boxclusters.dem		boxclust.dem
break_continue.dem	breakcon.dem
candlesticks.dem	candlest.dem
chi_shapes.dem		chishape.dem
clip_radial.dem		cliprad.dem
clipobject.dem		clipobj.dem
colornames.dem		colname.dem
colorscheme.dem		clscheme.dem
colorwheel.dem		clwheel.dem
columnhead.dem		colhead.dem
complex_airy.dem	cplxairy.dem
complex_trig.dem	cplxtrig.dem
concave_hull.dem	conchull.dem
contourfill.dem		contfill.dem
convex_hull.dem		cvxhull.dem
custom_contours.dem	custcont.dem
custom_key.dem		custkey.dem
dashcolor.dem		dashcol.dem
dashtypes.dem		dashtyp.dem
datastrings.dem		datstr.dem
ellipses_style.dem	ellipsty.dem
enhanced_utf8.dem	enhutf8.dem
enhancedtext.dem	enhanced.dem
errorbars.dem		errbars.dem
fenceplot.dem		fence.dem
fillbetween.dem		fillbtwn.dem
fillstyle.dem		fillsty.dem
function_block.dem	fnblock.dem
gen-random.inc		genrand.inc
heatmap_4D.dem		heat4D.dem
heatmap_points.dem	heatpts.dem
hidden_compare.dem	hiddcomp.dem
histerror.dem		histerr.dem
histogram_colors.dem	histcol.dem
label_stacked_histograms.dem	lshist.dem
histograms.dem		histo1.dem
histograms2.dem		histo2.dem
hypertext.dem		hyper.dem
hypertext_surface.dem	hypsurf.dem
if_filter.dem		iffilt.dem
invigamma.dem		invigam.dem
isosurface.dem		isosurf.dem
kdensity2d.dem		kdens2d.dem
latex_demo.dem		ltxdem.dem
lines_arrows.dem	linarr.dem
linkedaxes.dem		linkaxs.dem
logic_timing.dem	logtim.dem
logscale_clipping.dem	logclip.dem
map_projection.dem	mapproj.dem
mask_image.dem		mskimag.dem
mask_pm3d.dem		mskpm3d.dem
matrix_every.dem	matevery.dem
matrix_index.dem	matidx.dem
monotonic_spline.dem	mspline.dem
mouselab_1.dem		mouse1.dem
mouselab_2.dem		mouse2.dem
mouselabels.dem		mouselab.dem
mousevariables.dem	mousevar.dem
multiaxis.dem		multaxis.dem
multipalette.dem	multpal.dem
mxtics_time.dem		mxtime.dem
named_palettes.dem	nampal.dem
named_var.dem		namvar.dem
nonlinear1.dem		nonlin1.dem
nonlinear2.dem		nonlin2.dem
nonlinear3.dem		nonlin3.dem
nonlinear4.dem		nonlin4.dem
nonlinear5.dem		nonlin5.dem
nonlinear6.dem		nonlin6.dem
palette+alpha.dem	palalpha.dem
piecewise.dem		pcwise.dem
pm3d_clip.dem		pm3dclip.dem
pm3d_lighting.dem	pm3dlght.dem
pm3dcolors.dem		pm3dcol.dem
pm3dgamma.dem		pm3dgam.dem
pointsize.dem		ptsize.dem
polar_quadrants.dem	polquad.dem
polargrid.dem		polgrid.dem
polygon_border.dem	polybor.dem
probably_tux.dem	probtux.dem
projection.dem		project.dem
pt_variable.dem		ptvar.dem
rank_sequence.dem	rankseq.dem
rectangle.dem		rect.dem
rgb_variable.dem	rgbvar.dem
rgba_lines.dem		rgablin.dem
rotate_labels.dem	rotlabel.dem
running_avg.dem		runavg.dem
sampling2.dem		samplin2.dem
short_vector.dem	shortvec.dem
smooth_path.dem		smoothpa.dem
smooth_splines.dem	smoothsp.dem
solar_params.dem	solpara.dem
solar_path.dem		solpath.dem
special_chars.dem	specchar.dem
special_functions.dem	specfunc.dem
spiderplot.dem		spider.dem
spotlight.dem		spltlght.dem
stringvar.dem		strvar.dem
surface_explicit.dem	surfexpl.dem
synchrotron.dem		synchro.dem
textcolor.dem		textcol.dem
textrotate.dem		textrot.dem
transparent.dem		transpar.dem
transparent_solids.dem	transsol.dem
truncated_cube.dat	truncube.dem
violinplot.dem		violin.dem
watch_contours.dem	watchcnt.dem
watchmouse.dem		watchmou.dem
watchpoints.dem		watchpts.dem
watchpoints2.dem	watchpt2.dem
waterfallplot.dem	waterfal.dem
week_date.dem		weekdate.dem
